QA output created by 042
using backend plain store
Failed to write object fd34af00000000: Server has no space for new objects
Failed to write VDI
Failed to write object fd32fc00000000: Server has no space for new objects
Failed to write VDI
Failed to write object fd34af00000001: Server has no space for new objects
Failed to write VDI
Failed to write object fd32fc00000001: Server has no space for new objects
Failed to write VDI
Failed to write object fd34af00000002: Server has no space for new objects
Failed to write VDI
Failed to write object fd32fc00000002: Server has no space for new objects
Failed to write VDI
Failed to write object fd34af00000003: Server has no space for new objects
Failed to write VDI
Failed to write object fd32fc00000003: Server has no space for new objects
Failed to write VDI
Failed to write object fd34af00000004: Server has no space for new objects
Failed to write VDI
Failed to write object fd32fc00000004: Server has no space for new objects
Failed to write VDI
Failed to write object fd34af00000005: Server has no space for new objects
Failed to write VDI
Failed to write object fd32fc00000005: Server has no space for new objects
Failed to write VDI
Failed to write object fd34af00000006: Server has no space for new objects
Failed to write VDI
Failed to write object fd32fc00000006: Server has no space for new objects
Failed to write VDI
Failed to write object fd34af00000007: Server has no space for new objects
Failed to write VDI
Failed to write object fd32fc00000007: Server has no space for new objects
Failed to write VDI
Failed to write object fd34af00000008: Server has no space for new objects
Failed to write VDI
Failed to write object fd32fc00000008: Server has no space for new objects
Failed to write VDI
Failed to write object fd34af00000009: Server has no space for new objects
Failed to write VDI
Failed to write object fd32fc00000009: Server has no space for new objects
Failed to write VDI
Failed to write object fd34af0000000a: Server has no space for new objects
Failed to write VDI
Failed to write object fd32fc0000000a: Server has no space for new objects
Failed to write VDI
Failed to create VDI test2: Failed to write to requested VDI
Failed to create VDI test3: Failed to write to requested VDI
  Id   Host:Port         V-Nodes       Zone
   0   127.0.0.1:7000      	249          0
   1   127.0.0.1:7001      	249          1
   2   127.0.0.1:7002      	 7          2
   3   127.0.0.1:7003      	 7          3
  Id   Host:Port         V-Nodes       Zone
   0   127.0.0.1:7000      	249          0
   1   127.0.0.1:7001      	249          1
   2   127.0.0.1:7002      	 7          2
   3   127.0.0.1:7003      	 7          3
  Id   Host:Port         V-Nodes       Zone
   0   127.0.0.1:7000      	249          0
   1   127.0.0.1:7001      	249          1
   2   127.0.0.1:7002      	 7          2
   3   127.0.0.1:7003      	 7          3
  Id   Host:Port         V-Nodes       Zone
   0   127.0.0.1:7000      	249          0
   1   127.0.0.1:7001      	249          1
   2   127.0.0.1:7002      	 7          2
   3   127.0.0.1:7003      	 7          3
STORE	DATA	VDI	VMSTATE	ATTR	LEDGER	STALE
0	22	4	0	0	0	0
1	22	4	0	0	0	0
2	0	1	0	0	0	0
3	0	1	0	0	0	0
STORE/0/obj/00fd32fc00000000
STORE/0/obj/00fd32fc00000001
STORE/0/obj/00fd32fc00000002
STORE/0/obj/00fd32fc00000003
STORE/0/obj/00fd32fc00000004
STORE/0/obj/00fd32fc00000005
STORE/0/obj/00fd32fc00000006
STORE/0/obj/00fd32fc00000007
STORE/0/obj/00fd32fc00000008
STORE/0/obj/00fd32fc00000009
STORE/0/obj/00fd32fc0000000a
STORE/0/obj/00fd34af00000000
STORE/0/obj/00fd34af00000001
STORE/0/obj/00fd34af00000002
STORE/0/obj/00fd34af00000003
STORE/0/obj/00fd34af00000004
STORE/0/obj/00fd34af00000005
STORE/0/obj/00fd34af00000006
STORE/0/obj/00fd34af00000007
STORE/0/obj/00fd34af00000008
STORE/0/obj/00fd34af00000009
STORE/0/obj/00fd34af0000000a
STORE/0/obj/80fd32fc00000000
STORE/0/obj/80fd34af00000000
STORE/0/obj/80fd366200000000
STORE/0/obj/80fd381500000000
STORE/1/obj/00fd32fc00000000
STORE/1/obj/00fd32fc00000001
STORE/1/obj/00fd32fc00000002
STORE/1/obj/00fd32fc00000003
STORE/1/obj/00fd32fc00000004
STORE/1/obj/00fd32fc00000005
STORE/1/obj/00fd32fc00000006
STORE/1/obj/00fd32fc00000007
STORE/1/obj/00fd32fc00000008
STORE/1/obj/00fd32fc00000009
STORE/1/obj/00fd32fc0000000a
STORE/1/obj/00fd34af00000000
STORE/1/obj/00fd34af00000001
STORE/1/obj/00fd34af00000002
STORE/1/obj/00fd34af00000003
STORE/1/obj/00fd34af00000004
STORE/1/obj/00fd34af00000005
STORE/1/obj/00fd34af00000006
STORE/1/obj/00fd34af00000007
STORE/1/obj/00fd34af00000008
STORE/1/obj/00fd34af00000009
STORE/1/obj/00fd34af0000000a
STORE/1/obj/80fd32fc00000000
STORE/1/obj/80fd34af00000000
STORE/1/obj/80fd366200000000
STORE/1/obj/80fd381500000000
STORE/2/obj/80fd32fc00000000
STORE/3/obj/80fd34af00000000
