QA output created by 086
using backend plain store
STORE	DATA	VDI	VMSTATE	ATTR	LEDGER	STALE
0	3	0	0	0	0	0
1	3	1	0	0	0	0
2	2	1	0	0	0	0
STORE	DATA	VDI	VMSTATE	ATTR	LEDGER	STALE
0	4	1	0	0	1	0
1	4	1	0	0	0	0
2	4	2	0	0	1	0
STORE	DATA	VDI	VMSTATE	ATTR	LEDGER	STALE
0	6	2	0	0	2	0
1	5	1	0	0	0	0
2	5	3	0	0	2	0
STORE	DATA	VDI	VMSTATE	ATTR	LEDGER	STALE
0	8	2	0	0	3	0
1	7	2	0	0	1	0
2	5	4	0	0	2	0
STORE	DATA	VDI	VMSTATE	ATTR	LEDGER	STALE
0	9	3	0	0	4	0
1	9	3	0	0	2	0
2	6	4	0	0	2	0
STORE	DATA	VDI	VMSTATE	ATTR	LEDGER	STALE
0	7	3	0	0	3	0
1	8	3	0	0	2	0
2	5	4	0	0	1	0
STORE	DATA	VDI	VMSTATE	ATTR	LEDGER	STALE
0	6	3	0	0	3	0
1	7	3	0	0	2	0
2	5	4	0	0	1	0
STORE	DATA	VDI	VMSTATE	ATTR	LEDGER	STALE
0	5	3	0	0	3	0
1	7	3	0	0	2	0
2	4	4	0	0	1	0
STORE	DATA	VDI	VMSTATE	ATTR	LEDGER	STALE
0	5	3	0	0	3	0
1	5	3	0	0	1	0
2	4	4	0	0	2	0
STORE	DATA	VDI	VMSTATE	ATTR	LEDGER	STALE
0	0	3	0	0	0	0
1	0	3	0	0	0	0
2	0	4	0	0	0	0
