QA output created by 088
using backend plain store
STORE	DATA	VDI	VMSTATE	ATTR	LEDGER	STALE
0	3	0	0	0	0	0
1	3	1	0	0	0	0
2	2	1	0	0	0	0
STORE	DATA	VDI	VMSTATE	ATTR	LEDGER	STALE
0	7	1	0	0	2	0
1	4	2	0	0	0	0
2	5	3	0	0	2	0
  Name        Id    Size    Used  Shared    Creation time   VDI id  Copies  Tag
c test_cloned     0   16 MB  8.0 MB  8.0 MB DATE   34f19d      2              
s test         1   16 MB   16 MB  0.0 MB DATE   7c2b25      2              
  test         0   16 MB  0.0 MB   16 MB DATE   7c2b26      2              
STORE	DATA	VDI	VMSTATE	ATTR	LEDGER	STALE
0	7	2	0	0	2	0
1	6	3	0	0	0	0
2	7	3	0	0	2	0
  Name        Id    Size    Used  Shared    Creation time   VDI id  Copies  Tag
c test_cloned     0   16 MB  8.0 MB  8.0 MB DATE   34f19d      2              
s test         1   16 MB   16 MB  0.0 MB DATE   7c2b25      2              
  test         0   16 MB  0.0 MB   16 MB DATE   7c2b26      2              
c test_cloned2     0   16 MB  8.0 MB  8.0 MB DATE   f6ac5d      2              
STORE	DATA	VDI	VMSTATE	ATTR	LEDGER	STALE
0	9	2	0	0	4	0
1	8	3	0	0	2	0
2	7	3	0	0	2	0
STORE	DATA	VDI	VMSTATE	ATTR	LEDGER	STALE
0	5	2	0	0	2	0
1	6	3	0	0	2	0
2	5	3	0	0	0	0
STORE	DATA	VDI	VMSTATE	ATTR	LEDGER	STALE
0	3	2	0	0	2	0
1	5	3	0	0	2	0
2	4	3	0	0	0	0
there should be no object
STORE	DATA	VDI	VMSTATE	ATTR	LEDGER	STALE
0	0	2	0	0	0	0
1	0	3	0	0	0	0
2	0	3	0	0	0	0
there should be no vdi
  Name        Id    Size    Used  Shared    Creation time   VDI id  Copies  Tag
